  === gemma3-1b control on ORIGINAL windows ===
    convert_vs_preference_decision [gemma3:1b] █░░░░░░░░░░░░░░░░░░░ 2/40 (5%)
    convert_vs_preference_decision [gemma3:1b] ██░░░░░░░░░░░░░░░░░░ 4/40 (10%)
    convert_vs_preference_decision [gemma3:1b] ███░░░░░░░░░░░░░░░░░ 6/40 (15%)
    convert_vs_preference_decision [gemma3:1b] ████░░░░░░░░░░░░░░░░ 8/40 (20%)
    convert_vs_preference_decision [gemma3:1b] █████░░░░░░░░░░░░░░░ 10/40 (25%)
    convert_vs_preference_decision [gemma3:1b] ██████░░░░░░░░░░░░░░ 12/40 (30%)
    convert_vs_preference_decision [gemma3:1b] ███████░░░░░░░░░░░░░ 14/40 (35%)
    convert_vs_preference_decision [gemma3:1b] ████████░░░░░░░░░░░░ 16/40 (40%)
    convert_vs_preference_decision [gemma3:1b] █████████░░░░░░░░░░░ 18/40 (45%)
    convert_vs_preference_decision [gemma3:1b] ██████████░░░░░░░░░░ 20/40 (50%)
    convert_vs_preference_decision [gemma3:1b] ███████████░░░░░░░░░ 22/40 (55%)
    convert_vs_preference_decision [gemma3:1b] ████████████░░░░░░░░ 24/40 (60%)
    convert_vs_preference_decision [gemma3:1b] █████████████░░░░░░░ 26/40 (65%)
    convert_vs_preference_decision [gemma3:1b] ██████████████░░░░░░ 28/40 (70%)
    convert_vs_preference_decision [gemma3:1b] ███████████████░░░░░ 30/40 (75%)
    convert_vs_preference_decision [gemma3:1b] ████████████████░░░░ 32/40 (80%)
    convert_vs_preference_decision [gemma3:1b] █████████████████░░░ 34/40 (85%)
    convert_vs_preference_decision [gemma3:1b] ██████████████████░░ 36/40 (90%)
    convert_vs_preference_decision [gemma3:1b] ███████████████████░ 38/40 (95%)
    convert_vs_preference_decision [gemma3:1b] ████████████████████ 40/40 (100%)
    liquidation_waterfall_payout [gemma3:1b] █░░░░░░░░░░░░░░░░░░░ 4/80 (5%)
    liquidation_waterfall_payout [gemma3:1b] ██░░░░░░░░░░░░░░░░░░ 8/80 (10%)
    liquidation_waterfall_payout [gemma3:1b] ███░░░░░░░░░░░░░░░░░ 12/80 (15%)
    liquidation_waterfall_payout [gemma3:1b] ████░░░░░░░░░░░░░░░░ 16/80 (20%)
    liquidation_waterfall_payout [gemma3:1b] █████░░░░░░░░░░░░░░░ 20/80 (25%)
    liquidation_waterfall_payout [gemma3:1b] ██████░░░░░░░░░░░░░░ 24/80 (30%)
    liquidation_waterfall_payout [gemma3:1b] ███████░░░░░░░░░░░░░ 28/80 (35%)
    liquidation_waterfall_payout [gemma3:1b] ████████░░░░░░░░░░░░ 32/80 (40%)
    liquidation_waterfall_payout [gemma3:1b] █████████░░░░░░░░░░░ 36/80 (45%)
    liquidation_waterfall_payout [gemma3:1b] ██████████░░░░░░░░░░ 40/80 (50%)
    liquidation_waterfall_payout [gemma3:1b] ███████████░░░░░░░░░ 44/80 (55%)
    liquidation_waterfall_payout [gemma3:1b] ████████████░░░░░░░░ 48/80 (60%)
    liquidation_waterfall_payout [gemma3:1b] █████████████░░░░░░░ 52/80 (65%)
    liquidation_waterfall_payout [gemma3:1b] ██████████████░░░░░░ 56/80 (70%)
    liquidation_waterfall_payout [gemma3:1b] ███████████████░░░░░ 60/80 (75%)
    liquidation_waterfall_payout [gemma3:1b] ████████████████░░░░ 64/80 (80%)
    liquidation_waterfall_payout [gemma3:1b] █████████████████░░░ 68/80 (85%)
    liquidation_waterfall_payout [gemma3:1b] ██████████████████░░ 72/80 (90%)
    liquidation_waterfall_payout [gemma3:1b] ███████████████████░ 76/80 (95%)
    liquidation_waterfall_payout [gemma3:1b] ████████████████████ 80/80 (100%)
    liquidation_waterfall_payout [gemma3:1b] ████████████████████ 80/80 (100%)
    multi_round_stacked_dilution [gemma3:1b] █░░░░░░░░░░░░░░░░░░░ 5/100 (5%)
    multi_round_stacked_dilution [gemma3:1b] ██░░░░░░░░░░░░░░░░░░ 10/100 (10%)
    multi_round_stacked_dilution [gemma3:1b] ███░░░░░░░░░░░░░░░░░ 15/100 (15%)
    multi_round_stacked_dilution [gemma3:1b] ████░░░░░░░░░░░░░░░░ 20/100 (20%)
    multi_round_stacked_dilution [gemma3:1b] █████░░░░░░░░░░░░░░░ 25/100 (25%)
    multi_round_stacked_dilution [gemma3:1b] ██████░░░░░░░░░░░░░░ 30/100 (30%)
    multi_round_stacked_dilution [gemma3:1b] ███████░░░░░░░░░░░░░ 35/100 (35%)
    multi_round_stacked_dilution [gemma3:1b] ████████░░░░░░░░░░░░ 40/100 (40%)
    multi_round_stacked_dilution [gemma3:1b] █████████░░░░░░░░░░░ 45/100 (45%)
    multi_round_stacked_dilution [gemma3:1b] ██████████░░░░░░░░░░ 50/100 (50%)
    multi_round_stacked_dilution [gemma3:1b] ███████████░░░░░░░░░ 55/100 (55%)
    multi_round_stacked_dilution [gemma3:1b] ████████████░░░░░░░░ 60/100 (60%)
    multi_round_stacked_dilution [gemma3:1b] █████████████░░░░░░░ 65/100 (65%)
    multi_round_stacked_dilution [gemma3:1b] ██████████████░░░░░░ 70/100 (70%)
    multi_round_stacked_dilution [gemma3:1b] ███████████████░░░░░ 75/100 (75%)
    multi_round_stacked_dilution [gemma3:1b] ████████████████░░░░ 80/100 (80%)
    multi_round_stacked_dilution [gemma3:1b] █████████████████░░░ 85/100 (85%)
    multi_round_stacked_dilution [gemma3:1b] ██████████████████░░ 90/100 (90%)
    multi_round_stacked_dilution [gemma3:1b] ███████████████████░ 95/100 (95%)
    multi_round_stacked_dilution [gemma3:1b] ████████████████████ 100/100 (100%)
    multi_round_stacked_dilution [gemma3:1b] ███████████████████░ 95/100 (95%)
    multi_round_stacked_dilution [gemma3:1b] ████████████████████ 100/100 (100%)
    option_pool_shuffle [gemma3:1b] █░░░░░░░░░░░░░░░░░░░ 3/60 (5%)
    option_pool_shuffle [gemma3:1b] ██░░░░░░░░░░░░░░░░░░ 6/60 (10%)
    option_pool_shuffle [gemma3:1b] ███░░░░░░░░░░░░░░░░░ 9/60 (15%)
    option_pool_shuffle [gemma3:1b] ████░░░░░░░░░░░░░░░░ 12/60 (20%)
    option_pool_shuffle [gemma3:1b] █████░░░░░░░░░░░░░░░ 15/60 (25%)
    option_pool_shuffle [gemma3:1b] ██████░░░░░░░░░░░░░░ 18/60 (30%)
    option_pool_shuffle [gemma3:1b] ███████░░░░░░░░░░░░░ 21/60 (35%)
    option_pool_shuffle [gemma3:1b] ████████░░░░░░░░░░░░ 24/60 (40%)
    option_pool_shuffle [gemma3:1b] █████████░░░░░░░░░░░ 27/60 (45%)
    option_pool_shuffle [gemma3:1b] ██████████░░░░░░░░░░ 30/60 (50%)
    option_pool_shuffle [gemma3:1b] ███████████░░░░░░░░░ 33/60 (55%)
    option_pool_shuffle [gemma3:1b] ████████████░░░░░░░░ 36/60 (60%)
    option_pool_shuffle [gemma3:1b] █████████████░░░░░░░ 39/60 (65%)
    option_pool_shuffle [gemma3:1b] ██████████████░░░░░░ 42/60 (70%)
    option_pool_shuffle [gemma3:1b] ███████████████░░░░░ 45/60 (75%)
    option_pool_shuffle [gemma3:1b] ████████████████░░░░ 48/60 (80%)
    option_pool_shuffle [gemma3:1b] █████████████████░░░ 51/60 (85%)
    option_pool_shuffle [gemma3:1b] ██████████████████░░ 54/60 (90%)
    option_pool_shuffle [gemma3:1b] ███████████████████░ 57/60 (95%)
    option_pool_shuffle [gemma3:1b] ████████████████████ 60/60 (100%)
      modal answer reproduces on 12/14 items (85.7%) -> NOT EQUIVALENT, exclude and say so
  === gemma3-1b-qat control on ORIGINAL windows ===
    convert_vs_preference_decision [gemma3:1b-it-qat] █░░░░░░░░░░░░░░░░░░░ 2/40 (5%)
    convert_vs_preference_decision [gemma3:1b-it-qat] ██░░░░░░░░░░░░░░░░░░ 4/40 (10%)
    convert_vs_preference_decision [gemma3:1b-it-qat] ███░░░░░░░░░░░░░░░░░ 6/40 (15%)
    convert_vs_preference_decision [gemma3:1b-it-qat] ████░░░░░░░░░░░░░░░░ 8/40 (20%)
    convert_vs_preference_decision [gemma3:1b-it-qat] █████░░░░░░░░░░░░░░░ 10/40 (25%)
    convert_vs_preference_decision [gemma3:1b-it-qat] ██████░░░░░░░░░░░░░░ 12/40 (30%)
    convert_vs_preference_decision [gemma3:1b-it-qat] ███████░░░░░░░░░░░░░ 14/40 (35%)
    convert_vs_preference_decision [gemma3:1b-it-qat] ████████░░░░░░░░░░░░ 16/40 (40%)
    convert_vs_preference_decision [gemma3:1b-it-qat] █████████░░░░░░░░░░░ 18/40 (45%)
    convert_vs_preference_decision [gemma3:1b-it-qat] ██████████░░░░░░░░░░ 20/40 (50%)
    convert_vs_preference_decision [gemma3:1b-it-qat] ███████████░░░░░░░░░ 22/40 (55%)
    convert_vs_preference_decision [gemma3:1b-it-qat] ████████████░░░░░░░░ 24/40 (60%)
    convert_vs_preference_decision [gemma3:1b-it-qat] █████████████░░░░░░░ 26/40 (65%)
    convert_vs_preference_decision [gemma3:1b-it-qat] ██████████████░░░░░░ 28/40 (70%)
    convert_vs_preference_decision [gemma3:1b-it-qat] ███████████████░░░░░ 30/40 (75%)
    convert_vs_preference_decision [gemma3:1b-it-qat] ████████████████░░░░ 32/40 (80%)
    convert_vs_preference_decision [gemma3:1b-it-qat] █████████████████░░░ 34/40 (85%)
    convert_vs_preference_decision [gemma3:1b-it-qat] ██████████████████░░ 36/40 (90%)
    convert_vs_preference_decision [gemma3:1b-it-qat] ███████████████████░ 38/40 (95%)
    convert_vs_preference_decision [gemma3:1b-it-qat] ████████████████████ 40/40 (100%)
    liquidation_waterfall_payout [gemma3:1b-it-qat] █░░░░░░░░░░░░░░░░░░░ 4/80 (5%)
    liquidation_waterfall_payout [gemma3:1b-it-qat] ██░░░░░░░░░░░░░░░░░░ 8/80 (10%)
    liquidation_waterfall_payout [gemma3:1b-it-qat] ███░░░░░░░░░░░░░░░░░ 12/80 (15%)
    liquidation_waterfall_payout [gemma3:1b-it-qat] ████░░░░░░░░░░░░░░░░ 16/80 (20%)
    liquidation_waterfall_payout [gemma3:1b-it-qat] █████░░░░░░░░░░░░░░░ 20/80 (25%)
    liquidation_waterfall_payout [gemma3:1b-it-qat] ██████░░░░░░░░░░░░░░ 24/80 (30%)
    liquidation_waterfall_payout [gemma3:1b-it-qat] ███████░░░░░░░░░░░░░ 28/80 (35%)
    liquidation_waterfall_payout [gemma3:1b-it-qat] ████████░░░░░░░░░░░░ 32/80 (40%)
    liquidation_waterfall_payout [gemma3:1b-it-qat] █████████░░░░░░░░░░░ 36/80 (45%)
    liquidation_waterfall_payout [gemma3:1b-it-qat] ██████████░░░░░░░░░░ 40/80 (50%)
    liquidation_waterfall_payout [gemma3:1b-it-qat] ███████████░░░░░░░░░ 44/80 (55%)
    liquidation_waterfall_payout [gemma3:1b-it-qat] ████████████░░░░░░░░ 48/80 (60%)
    liquidation_waterfall_payout [gemma3:1b-it-qat] █████████████░░░░░░░ 52/80 (65%)
    liquidation_waterfall_payout [gemma3:1b-it-qat] ██████████████░░░░░░ 56/80 (70%)
    liquidation_waterfall_payout [gemma3:1b-it-qat] ███████████████░░░░░ 60/80 (75%)
    liquidation_waterfall_payout [gemma3:1b-it-qat] ████████████████░░░░ 64/80 (80%)
    liquidation_waterfall_payout [gemma3:1b-it-qat] █████████████████░░░ 68/80 (85%)
    liquidation_waterfall_payout [gemma3:1b-it-qat] ██████████████████░░ 72/80 (90%)
    liquidation_waterfall_payout [gemma3:1b-it-qat] ███████████████████░ 76/80 (95%)
    liquidation_waterfall_payout [gemma3:1b-it-qat] ████████████████████ 80/80 (100%)
    multi_round_stacked_dilution [gemma3:1b-it-qat] █░░░░░░░░░░░░░░░░░░░ 5/100 (5%)
    multi_round_stacked_dilution [gemma3:1b-it-qat] ██░░░░░░░░░░░░░░░░░░ 10/100 (10%)
    multi_round_stacked_dilution [gemma3:1b-it-qat] ███░░░░░░░░░░░░░░░░░ 15/100 (15%)
    multi_round_stacked_dilution [gemma3:1b-it-qat] ████░░░░░░░░░░░░░░░░ 20/100 (20%)
    multi_round_stacked_dilution [gemma3:1b-it-qat] █████░░░░░░░░░░░░░░░ 25/100 (25%)
    multi_round_stacked_dilution [gemma3:1b-it-qat] ██████░░░░░░░░░░░░░░ 30/100 (30%)
    multi_round_stacked_dilution [gemma3:1b-it-qat] ███████░░░░░░░░░░░░░ 35/100 (35%)
    multi_round_stacked_dilution [gemma3:1b-it-qat] ████████░░░░░░░░░░░░ 40/100 (40%)
    multi_round_stacked_dilution [gemma3:1b-it-qat] █████████░░░░░░░░░░░ 45/100 (45%)
    multi_round_stacked_dilution [gemma3:1b-it-qat] ██████████░░░░░░░░░░ 50/100 (50%)
    multi_round_stacked_dilution [gemma3:1b-it-qat] ███████████░░░░░░░░░ 55/100 (55%)
    multi_round_stacked_dilution [gemma3:1b-it-qat] ████████████░░░░░░░░ 60/100 (60%)
    multi_round_stacked_dilution [gemma3:1b-it-qat] █████████████░░░░░░░ 65/100 (65%)
    multi_round_stacked_dilution [gemma3:1b-it-qat] ██████████████░░░░░░ 70/100 (70%)
    multi_round_stacked_dilution [gemma3:1b-it-qat] ███████████████░░░░░ 75/100 (75%)
    multi_round_stacked_dilution [gemma3:1b-it-qat] ████████████████░░░░ 80/100 (80%)
    multi_round_stacked_dilution [gemma3:1b-it-qat] █████████████████░░░ 85/100 (85%)
    multi_round_stacked_dilution [gemma3:1b-it-qat] ██████████████████░░ 90/100 (90%)
    multi_round_stacked_dilution [gemma3:1b-it-qat] ███████████████████░ 95/100 (95%)
    multi_round_stacked_dilution [gemma3:1b-it-qat] ████████████████████ 100/100 (100%)
    option_pool_shuffle [gemma3:1b-it-qat] █░░░░░░░░░░░░░░░░░░░ 3/60 (5%)
    option_pool_shuffle [gemma3:1b-it-qat] ██░░░░░░░░░░░░░░░░░░ 6/60 (10%)
    option_pool_shuffle [gemma3:1b-it-qat] ███░░░░░░░░░░░░░░░░░ 9/60 (15%)
    option_pool_shuffle [gemma3:1b-it-qat] ████░░░░░░░░░░░░░░░░ 12/60 (20%)
    option_pool_shuffle [gemma3:1b-it-qat] █████░░░░░░░░░░░░░░░ 15/60 (25%)
    option_pool_shuffle [gemma3:1b-it-qat] ██████░░░░░░░░░░░░░░ 18/60 (30%)
    option_pool_shuffle [gemma3:1b-it-qat] ███████░░░░░░░░░░░░░ 21/60 (35%)
    option_pool_shuffle [gemma3:1b-it-qat] ████████░░░░░░░░░░░░ 24/60 (40%)
    option_pool_shuffle [gemma3:1b-it-qat] █████████░░░░░░░░░░░ 27/60 (45%)
    option_pool_shuffle [gemma3:1b-it-qat] ██████████░░░░░░░░░░ 30/60 (50%)
    option_pool_shuffle [gemma3:1b-it-qat] ███████████░░░░░░░░░ 33/60 (55%)
    option_pool_shuffle [gemma3:1b-it-qat] ████████████░░░░░░░░ 36/60 (60%)
    option_pool_shuffle [gemma3:1b-it-qat] █████████████░░░░░░░ 39/60 (65%)
    option_pool_shuffle [gemma3:1b-it-qat] ██████████████░░░░░░ 42/60 (70%)
    option_pool_shuffle [gemma3:1b-it-qat] ███████████████░░░░░ 45/60 (75%)
    option_pool_shuffle [gemma3:1b-it-qat] ████████████████░░░░ 48/60 (80%)
    option_pool_shuffle [gemma3:1b-it-qat] █████████████████░░░ 51/60 (85%)
    option_pool_shuffle [gemma3:1b-it-qat] ██████████████████░░ 54/60 (90%)
    option_pool_shuffle [gemma3:1b-it-qat] ███████████████████░ 57/60 (95%)
    option_pool_shuffle [gemma3:1b-it-qat] ████████████████████ 60/60 (100%)
      modal answer reproduces on 13/14 items (92.9%) -> EQUIVALENT, may be paired
